help.are
arena.are
build.are
gods.are
limbo.are
newacad.are
newdark.are
newgate.are
stockobj.are
astral.are
chapel.are
daycare.are
dwarven.are
export.are
gallery.are
grave.are
grove.are
haon.are
manor.are
midennir.are
pixie.are
sewer.are
redferne.are
srefuge.are
unholy.are
rocroad.are
moonlight.are
hannigans.are
ofcol2.are
thalos.are
warrior_guild.are
cleric_guild.are
paladin_guild.are
druid_guild.are
monk_guild.are
mage_guild.are
ranger_guild.are
thief_guild.are
rdaf.are
donjon.are
hood.are
drow.are
tohell.are
freeport.are
swanbrk.are
valley.are
xchan1.are
vantower.are
weater.are
trollden.are
pyrundead.are
frstdead.are
luskan.are
armsmaug.are
eastern.are
gtown.are
midgaard.are
roads.are
lilith.are
weed.are
hochenya.are
canyon.are
dream.are
solace.are
olympus.are
wyvern.are
hallof.are
brave.are
izmyr.are
origin.are
vague.are
cursenec.are
arachnos.are
goblins.are
thoran.are
moria.are
hitower.are
marsh.are
mahntor.are
keraptis.are
mtdoom.are
pe_order.are
harperhall.are
werewolf.are
lordrom.are
lordrom1.are
midon.are
hand_of_light.are
necro.are
reign.are
ass.are
uh.are
newcity.are
newhell.are
shargrath.are
$
