you~
yes~
wraith~
windrider~
white~
whigger~
west~
werewolf~
washington~
warrior~
warlock~
vampire~
vagina~
unknown~
umrg~
ucmm~
troll~
troglodyte~
thief~
testies~
testicles~
stupid~
stock~
sprite~
spick~
south~
someone~
slith~
skank~
silver~
shirley~
self~
satan~
sager~
roosevelt~
rogue~
red~
ranger~
quit~
psionicist~
prick~
player~
pixie~
penis~
paladin~
orc~
old~
ogre~
nymph~
north~
noone~
nobody~
no~
nigger~
newbie~
new~
necromancer~
muslim~
mrrshan~
moslem~
mortal~
moron~
monk~
monica~
mohammed~
minotaur~
master~
marijuana~
malum~
mage~
lucifer~
lowbie~
loser~
lizardman~
lincoln~
lesbian~
leprechaun~
lala~
lag~
kotr~
kobold~
knight~
kennedy~
kender~
jew~
jesus~
jehovah~
implementor~
immortal~
illusionist~
illuminati~
idiot~
human~
hooker~
hitler~
herpes~
harpy~
harper~
green~
gold~
goblin~
gnome~
gith~
geek~
gay~
gargoyle~
everyone~
everybody~
elf~
east~
dyke~
dwarf~
druid~
drow~
dragonslayer~
dragonblood~
dragon~
draga~
down~
dork~
dope~
disband~
diarrhea~
dewa~
demon~
cum~
copper~
clitoris~
clinton~
cleric~
christian~
chris~
centaur~
buddha~
bronze~
blue~
black~
beelzebub~
battlemage~
avatar~
augurer~
asshole~
assassin~
antipaladin~
anonymous~
anon~
allah~
all~
aids~
*xxx~
*whore~
*virus~
*uber~
*super~
*slut~
*shit~
*puss~
*porn~
*poop~
*nazi~
*head~
*goof~
*goober~
*god~
*girl~
*fukk~
*fuck~
*dumb~
*cyber~
*cunt~
*clit~
*booter~
*bobbit~
*bitch~
*announce~
$~
